Archive member included because of file (symbol)

c:/program files (x86)/atmel/atmel toolchain/avr8 gcc/native/3.4.1056/avr8-gnu-toolchain/bin/../lib/gcc/avr/4.8.1/avr5\libgcc.a(_exit.o)
                              c:/program files (x86)/atmel/atmel toolchain/avr8 gcc/native/3.4.1056/avr8-gnu-toolchain/bin/../lib/gcc/avr/4.8.1/../../../../avr/lib/avr5/crtm32.o (exit)
c:/program files (x86)/atmel/atmel toolchain/avr8 gcc/native/3.4.1056/avr8-gnu-toolchain/bin/../lib/gcc/avr/4.8.1/avr5\libgcc.a(_tablejump.o)
                              led.o (__tablejump2__)
c:/program files (x86)/atmel/atmel toolchain/avr8 gcc/native/3.4.1056/avr8-gnu-toolchain/bin/../lib/gcc/avr/4.8.1/avr5\libgcc.a(_copy_data.o)
                              control_logic.o (__do_copy_data)
c:/program files (x86)/atmel/atmel toolchain/avr8 gcc/native/3.4.1056/avr8-gnu-toolchain/bin/../lib/gcc/avr/4.8.1/avr5\libgcc.a(_clear_bss.o)
                              adc.o (__do_clear_bss)
c:/program files (x86)/atmel/atmel toolchain/avr8 gcc/native/3.4.1056/avr8-gnu-toolchain/bin/../lib/gcc/avr/4.8.1/avr5\libgcc.a(_umulhisi3.o)
                              isr.o (__umulhisi3)
c:/program files (x86)/atmel/atmel toolchain/avr8 gcc/native/3.4.1056/avr8-gnu-toolchain/bin/../lib/gcc/avr/4.8.1/avr5\libgcc.a(_muluhisi3.o)
                              date.o (__muluhisi3)
c:/program files (x86)/atmel/atmel toolchain/avr8 gcc/native/3.4.1056/avr8-gnu-toolchain/bin/../lib/gcc/avr/4.8.1/../../../../avr/lib/avr5\libc.a(malloc.o)
                              task.o (malloc)

Allocating common symbols
Common symbol       size              file

enabled             0x1               adc.o
state_turn_after_found_corner_data
                    0x2               control_logic.o
control             0x2               control_logic.o
state_third_left_turn_data
                    0x2               control_logic.o
do_task             0x1fe             task.o
enable_features     0x4               adc.o
conversionIsInProgress
                    0x1               adc.o
state_go_ahead_after_turn_data
                    0x2               control_logic.o
usart_rx_task       0x9               usart.o
new_data_available  0x1               adc.o
state_last_go_ahead_data
                    0x2               control_logic.o
state_third_go_ahead_data
                    0x2               control_logic.o
state_second_go_a_bit_more_data
                    0x2               control_logic.o
temp_head           0x2               task.o
state_timer         0x9               control_logic.o
__brkval            0x2               c:/program files (x86)/atmel/atmel toolchain/avr8 gcc/native/3.4.1056/avr8-gnu-toolchain/bin/../lib/gcc/avr/4.8.1/../../../../avr/lib/avr5\libc.a(malloc.o)
first_channel       0x1               adc.o
state_wait_before_corner_data
                    0x2               control_logic.o
tail                0x2               task.o
state_finish_data   0x2               control_logic.o
led                 0x1               led.o
head                0x2               task.o
result1             0x2               adc.o
test                0x9               robot.o
state_right_turn_data
                    0x2               control_logic.o
milliseconds        0x4               timer.o
p_l                 0x2               isr.o
result0             0x2               adc.o
state_approach_corner_data
                    0x2               control_logic.o
p_r                 0x2               isr.o
l_motor             0x11              motor.o
state_second_go_ahead_data
                    0x2               control_logic.o
usart_tx_task       0x9               usart.o
state_second_left_turn_data
                    0x2               control_logic.o
state_go_a_bit_more_data
                    0x2               control_logic.o
date                0xc               date.o
state_find_track_data
                    0x2               control_logic.o
__flp               0x2               c:/program files (x86)/atmel/atmel toolchain/avr8 gcc/native/3.4.1056/avr8-gnu-toolchain/bin/../lib/gcc/avr/4.8.1/../../../../avr/lib/avr5\libc.a(malloc.o)
state_find_track_turn_left_control_data
                    0x2               control_logic.o
test_task           0x9               adc.o
state_find_track_go_a_bit_more_control_data
                    0x2               control_logic.o
system_tic          0x4               isr.o
new_data_available_to_transmit
                    0x1               adc.o
r_motor             0x11              motor.o
status              0x4               isr.o

Discarded input sections

 .bss           0x00000000        0x0 c:/program files (x86)/atmel/atmel toolchain/avr8 gcc/native/3.4.1056/avr8-gnu-toolchain/bin/../lib/gcc/avr/4.8.1/../../../../avr/lib/avr5/crtm32.o
 .text          0x00000000        0x0 adc.o
 .bss           0x00000000        0x0 adc.o
 .text          0x00000000        0x0 com_prot.o
 .bss           0x00000000        0x0 com_prot.o
 .text          0x00000000        0x0 control_logic.o
 .bss           0x00000000        0x0 control_logic.o
 .text          0x00000000        0x0 led.o
 .bss           0x00000000        0x0 led.o
 .text.get_line_error
                0x00000000      0x324 led.o
 .progmem.gcc_sw_table.get_line_error
                0x00000000      0x100 led.o
 .text.send_sensor_values
                0x00000000       0x7c led.o
 .bss.error.1926
                0x00000000        0x1 led.o
 .bss.i_factor.1921
                0x00000000        0x2 led.o
 .bss.last_error.1922
                0x00000000        0x2 led.o
 .bss.p_factor.1924
                0x00000000        0x2 led.o
 .bss.d_factor.1923
                0x00000000        0x2 led.o
 .bss.pid.1925  0x00000000        0x2 led.o
 .data.info_timer.1944
                0x00000000        0x1 led.o
 .text          0x00000000        0x0 math_Q.o
 .bss           0x00000000        0x0 math_Q.o
 .text.int8_abs_Q
                0x00000000       0x2a math_Q.o
 .text          0x00000000        0x0 motor.o
 .bss           0x00000000        0x0 motor.o
 .text.check_movement
                0x00000000      0x266 motor.o
 .text.motor_handler
                0x00000000      0x132 motor.o
 .data.last_l_rpm.1902
                0x00000000        0x2 motor.o
 .data.last_r_rpm.1903
                0x00000000        0x2 motor.o
 .text          0x00000000        0x0 robot.o
 .bss           0x00000000        0x0 robot.o
 COMMON         0x00000000        0x9 robot.o
 .text          0x00000000        0x0 date.o
 .bss           0x00000000        0x0 date.o
 .text.get_date_to_string
                0x00000000       0x82 date.o
 .text          0x00000000        0x0 isr.o
 .bss           0x00000000        0x0 isr.o
 .text          0x00000000        0x0 take_over.o
 .bss           0x00000000        0x0 take_over.o
 .text          0x00000000        0x0 task.o
 .bss           0x00000000        0x0 task.o
 .text.task_manager_init
                0x00000000       0x1e task.o
 .text          0x00000000        0x0 timer.o
 .bss           0x00000000        0x0 timer.o
 .text          0x00000000        0x0 usart.o
 .bss           0x00000000        0x0 usart.o
 .text          0x00000000        0x0 c:/program files (x86)/atmel/atmel toolchain/avr8 gcc/native/3.4.1056/avr8-gnu-toolchain/bin/../lib/gcc/avr/4.8.1/avr5\libgcc.a(_exit.o)
 .bss           0x00000000        0x0 c:/program files (x86)/atmel/atmel toolchain/avr8 gcc/native/3.4.1056/avr8-gnu-toolchain/bin/../lib/gcc/avr/4.8.1/avr5\libgcc.a(_exit.o)
 .text.libgcc.mul
                0x00000000        0x0 c:/program files (x86)/atmel/atmel toolchain/avr8 gcc/native/3.4.1056/avr8-gnu-toolchain/bin/../lib/gcc/avr/4.8.1/avr5\libgcc.a(_exit.o)
 .text.libgcc.div
                0x00000000        0x0 c:/program files (x86)/atmel/atmel toolchain/avr8 gcc/native/3.4.1056/avr8-gnu-toolchain/bin/../lib/gcc/avr/4.8.1/avr5\libgcc.a(_exit.o)
 .text.libgcc   0x00000000        0x0 c:/program files (x86)/atmel/atmel toolchain/avr8 gcc/native/3.4.1056/avr8-gnu-toolchain/bin/../lib/gcc/avr/4.8.1/avr5\libgcc.a(_exit.o)
 .text.libgcc.prologue
                0x00000000        0x0 c:/program files (x86)/atmel/atmel toolchain/avr8 gcc/native/3.4.1056/avr8-gnu-toolchain/bin/../lib/gcc/avr/4.8.1/avr5\libgcc.a(_exit.o)
 .text.libgcc.builtins
                0x00000000        0x0 c:/program files (x86)/atmel/atmel toolchain/avr8 gcc/native/3.4.1056/avr8-gnu-toolchain/bin/../lib/gcc/avr/4.8.1/avr5\libgcc.a(_exit.o)
 .text.libgcc.fmul
                0x00000000        0x0 c:/program files (x86)/atmel/atmel toolchain/avr8 gcc/native/3.4.1056/avr8-gnu-toolchain/bin/../lib/gcc/avr/4.8.1/avr5\libgcc.a(_exit.o)
 .text.libgcc.fixed
                0x00000000        0x0 c:/program files (x86)/atmel/atmel toolchain/avr8 gcc/native/3.4.1056/avr8-gnu-toolchain/bin/../lib/gcc/avr/4.8.1/avr5\libgcc.a(_exit.o)
 .text          0x00000000        0x0 c:/program files (x86)/atmel/atmel toolchain/avr8 gcc/native/3.4.1056/avr8-gnu-toolchain/bin/../lib/gcc/avr/4.8.1/avr5\libgcc.a(_tablejump.o)
 .bss           0x00000000        0x0 c:/program files (x86)/atmel/atmel toolchain/avr8 gcc/native/3.4.1056/avr8-gnu-toolchain/bin/../lib/gcc/avr/4.8.1/avr5\libgcc.a(_tablejump.o)
 .text.libgcc.mul
                0x00000000        0x0 c:/program files (x86)/atmel/atmel toolchain/avr8 gcc/native/3.4.1056/avr8-gnu-toolchain/bin/../lib/gcc/avr/4.8.1/avr5\libgcc.a(_tablejump.o)
 .text.libgcc.div
                0x00000000        0x0 c:/program files (x86)/atmel/atmel toolchain/avr8 gcc/native/3.4.1056/avr8-gnu-toolchain/bin/../lib/gcc/avr/4.8.1/avr5\libgcc.a(_tablejump.o)
 .text.libgcc.prologue
                0x00000000        0x0 c:/program files (x86)/atmel/atmel toolchain/avr8 gcc/native/3.4.1056/avr8-gnu-toolchain/bin/../lib/gcc/avr/4.8.1/avr5\libgcc.a(_tablejump.o)
 .text.libgcc.builtins
                0x00000000        0x0 c:/program files (x86)/atmel/atmel toolchain/avr8 gcc/native/3.4.1056/avr8-gnu-toolchain/bin/../lib/gcc/avr/4.8.1/avr5\libgcc.a(_tablejump.o)
 .text.libgcc.fmul
                0x00000000        0x0 c:/program files (x86)/atmel/atmel toolchain/avr8 gcc/native/3.4.1056/avr8-gnu-toolchain/bin/../lib/gcc/avr/4.8.1/avr5\libgcc.a(_tablejump.o)
 .text.libgcc.fixed
                0x00000000        0x0 c:/program files (x86)/atmel/atmel toolchain/avr8 gcc/native/3.4.1056/avr8-gnu-toolchain/bin/../lib/gcc/avr/4.8.1/avr5\libgcc.a(_tablejump.o)
 .text          0x00000000        0x0 c:/program files (x86)/atmel/atmel toolchain/avr8 gcc/native/3.4.1056/avr8-gnu-toolchain/bin/../lib/gcc/avr/4.8.1/avr5\libgcc.a(_copy_data.o)
 .bss           0x00000000        0x0 c:/program files (x86)/atmel/atmel toolchain/avr8 gcc/native/3.4.1056/avr8-gnu-toolchain/bin/../lib/gcc/avr/4.8.1/avr5\libgcc.a(_copy_data.o)
 .text.libgcc.mul
                0x00000000        0x0 c:/program files (x86)/atmel/atmel toolchain/avr8 gcc/native/3.4.1056/avr8-gnu-toolchain/bin/../lib/gcc/avr/4.8.1/avr5\libgcc.a(_copy_data.o)
 .text.libgcc.div
                0x00000000        0x0 c:/program files (x86)/atmel/atmel toolchain/avr8 gcc/native/3.4.1056/avr8-gnu-toolchain/bin/../lib/gcc/avr/4.8.1/avr5\libgcc.a(_copy_data.o)
 .text.libgcc   0x00000000        0x0 c:/program files (x86)/atmel/atmel toolchain/avr8 gcc/native/3.4.1056/avr8-gnu-toolchain/bin/../lib/gcc/avr/4.8.1/avr5\libgcc.a(_copy_data.o)
 .text.libgcc.prologue
                0x00000000        0x0 c:/program files (x86)/atmel/atmel toolchain/avr8 gcc/native/3.4.1056/avr8-gnu-toolchain/bin/../lib/gcc/avr/4.8.1/avr5\libgcc.a(_copy_data.o)
 .text.libgcc.builtins
                0x00000000        0x0 c:/program files (x86)/atmel/atmel toolchain/avr8 gcc/native/3.4.1056/avr8-gnu-toolchain/bin/../lib/gcc/avr/4.8.1/avr5\libgcc.a(_copy_data.o)
 .text.libgcc.fmul
                0x00000000        0x0 c:/program files (x86)/atmel/atmel toolchain/avr8 gcc/native/3.4.1056/avr8-gnu-toolchain/bin/../lib/gcc/avr/4.8.1/avr5\libgcc.a(_copy_data.o)
 .text.libgcc.fixed
                0x00000000        0x0 c:/program files (x86)/atmel/atmel toolchain/avr8 gcc/native/3.4.1056/avr8-gnu-toolchain/bin/../lib/gcc/avr/4.8.1/avr5\libgcc.a(_copy_data.o)
 .text          0x00000000        0x0 c:/program files (x86)/atmel/atmel toolchain/avr8 gcc/native/3.4.1056/avr8-gnu-toolchain/bin/../lib/gcc/avr/4.8.1/avr5\libgcc.a(_clear_bss.o)
 .bss           0x00000000        0x0 c:/program files (x86)/atmel/atmel toolchain/avr8 gcc/native/3.4.1056/avr8-gnu-toolchain/bin/../lib/gcc/avr/4.8.1/avr5\libgcc.a(_clear_bss.o)
 .text.libgcc.mul
                0x00000000        0x0 c:/program files (x86)/atmel/atmel toolchain/avr8 gcc/native/3.4.1056/avr8-gnu-toolchain/bin/../lib/gcc/avr/4.8.1/avr5\libgcc.a(_clear_bss.o)
 .text.libgcc.div
                0x00000000        0x0 c:/program files (x86)/atmel/atmel toolchain/avr8 gcc/native/3.4.1056/avr8-gnu-toolchain/bin/../lib/gcc/avr/4.8.1/avr5\libgcc.a(_clear_bss.o)
 .text.libgcc   0x00000000        0x0 c:/program files (x86)/atmel/atmel toolchain/avr8 gcc/native/3.4.1056/avr8-gnu-toolchain/bin/../lib/gcc/avr/4.8.1/avr5\libgcc.a(_clear_bss.o)
 .text.libgcc.prologue
                0x00000000        0x0 c:/program files (x86)/atmel/atmel toolchain/avr8 gcc/native/3.4.1056/avr8-gnu-toolchain/bin/../lib/gcc/avr/4.8.1/avr5\libgcc.a(_clear_bss.o)
 .text.libgcc.builtins
                0x00000000        0x0 c:/program files (x86)/atmel/atmel toolchain/avr8 gcc/native/3.4.1056/avr8-gnu-toolchain/bin/../lib/gcc/avr/4.8.1/avr5\libgcc.a(_clear_bss.o)
 .text.libgcc.fmul
                0x00000000        0x0 c:/program files (x86)/atmel/atmel toolchain/avr8 gcc/native/3.4.1056/avr8-gnu-toolchain/bin/../lib/gcc/avr/4.8.1/avr5\libgcc.a(_clear_bss.o)
 .text.libgcc.fixed
                0x00000000        0x0 c:/program files (x86)/atmel/atmel toolchain/avr8 gcc/native/3.4.1056/avr8-gnu-toolchain/bin/../lib/gcc/avr/4.8.1/avr5\libgcc.a(_clear_bss.o)
 .text          0x00000000        0x0 c:/program files (x86)/atmel/atmel toolchain/avr8 gcc/native/3.4.1056/avr8-gnu-toolchain/bin/../lib/gcc/avr/4.8.1/avr5\libgcc.a(_umulhisi3.o)
 .bss           0x00000000        0x0 c:/program files (x86)/atmel/atmel toolchain/avr8 gcc/native/3.4.1056/avr8-gnu-toolchain/bin/../lib/gcc/avr/4.8.1/avr5\libgcc.a(_umulhisi3.o)
 .text.libgcc.div
                0x00000000        0x0 c:/program files (x86)/atmel/atmel toolchain/avr8 gcc/native/3.4.1056/avr8-gnu-toolchain/bin/../lib/gcc/avr/4.8.1/avr5\libgcc.a(_umulhisi3.o)
 .text.libgcc   0x00000000        0x0 c:/program files (x86)/atmel/atmel toolchain/avr8 gcc/native/3.4.1056/avr8-gnu-toolchain/bin/../lib/gcc/avr/4.8.1/avr5\libgcc.a(_umulhisi3.o)
 .text.libgcc.prologue
                0x00000000        0x0 c:/program files (x86)/atmel/atmel toolchain/avr8 gcc/native/3.4.1056/avr8-gnu-toolchain/bin/../lib/gcc/avr/4.8.1/avr5\libgcc.a(_umulhisi3.o)
 .text.libgcc.builtins
                0x00000000        0x0 c:/program files (x86)/atmel/atmel toolchain/avr8 gcc/native/3.4.1056/avr8-gnu-toolchain/bin/../lib/gcc/avr/4.8.1/avr5\libgcc.a(_umulhisi3.o)
 .text.libgcc.fmul
                0x00000000        0x0 c:/program files (x86)/atmel/atmel toolchain/avr8 gcc/native/3.4.1056/avr8-gnu-toolchain/bin/../lib/gcc/avr/4.8.1/avr5\libgcc.a(_umulhisi3.o)
 .text.libgcc.fixed
                0x00000000        0x0 c:/program files (x86)/atmel/atmel toolchain/avr8 gcc/native/3.4.1056/avr8-gnu-toolchain/bin/../lib/gcc/avr/4.8.1/avr5\libgcc.a(_umulhisi3.o)
 .text          0x00000000        0x0 c:/program files (x86)/atmel/atmel toolchain/avr8 gcc/native/3.4.1056/avr8-gnu-toolchain/bin/../lib/gcc/avr/4.8.1/avr5\libgcc.a(_muluhisi3.o)
 .bss           0x00000000        0x0 c:/program files (x86)/atmel/atmel toolchain/avr8 gcc/native/3.4.1056/avr8-gnu-toolchain/bin/../lib/gcc/avr/4.8.1/avr5\libgcc.a(_muluhisi3.o)
 .text.libgcc.div
                0x00000000        0x0 c:/program files (x86)/atmel/atmel toolchain/avr8 gcc/native/3.4.1056/avr8-gnu-toolchain/bin/../lib/gcc/avr/4.8.1/avr5\libgcc.a(_muluhisi3.o)
 .text.libgcc   0x00000000        0x0 c:/program files (x86)/atmel/atmel toolchain/avr8 gcc/native/3.4.1056/avr8-gnu-toolchain/bin/../lib/gcc/avr/4.8.1/avr5\libgcc.a(_muluhisi3.o)
 .text.libgcc.prologue
                0x00000000        0x0 c:/program files (x86)/atmel/atmel toolchain/avr8 gcc/native/3.4.1056/avr8-gnu-toolchain/bin/../lib/gcc/avr/4.8.1/avr5\libgcc.a(_muluhisi3.o)
 .text.libgcc.builtins
                0x00000000        0x0 c:/program files (x86)/atmel/atmel toolchain/avr8 gcc/native/3.4.1056/avr8-gnu-toolchain/bin/../lib/gcc/avr/4.8.1/avr5\libgcc.a(_muluhisi3.o)
 .text.libgcc.fmul
                0x00000000        0x0 c:/program files (x86)/atmel/atmel toolchain/avr8 gcc/native/3.4.1056/avr8-gnu-toolchain/bin/../lib/gcc/avr/4.8.1/avr5\libgcc.a(_muluhisi3.o)
 .text.libgcc.fixed
                0x00000000        0x0 c:/program files (x86)/atmel/atmel toolchain/avr8 gcc/native/3.4.1056/avr8-gnu-toolchain/bin/../lib/gcc/avr/4.8.1/avr5\libgcc.a(_muluhisi3.o)
 .text          0x00000000        0x0 c:/program files (x86)/atmel/atmel toolchain/avr8 gcc/native/3.4.1056/avr8-gnu-toolchain/bin/../lib/gcc/avr/4.8.1/../../../../avr/lib/avr5\libc.a(malloc.o)
 .bss           0x00000000        0x0 c:/program files (x86)/atmel/atmel toolchain/avr8 gcc/native/3.4.1056/avr8-gnu-toolchain/bin/../lib/gcc/avr/4.8.1/../../../../avr/lib/avr5\libc.a(malloc.o)

Memory Configuration

Name             Origin             Length             Attributes
text             0x00000000         0x00020000         xr
data             0x00800060         0x0000ffa0         rw !x
eeprom           0x00810000         0x00010000         rw !x
fuse             0x00820000         0x00000400         rw !x
lock             0x00830000         0x00000400         rw !x
signature        0x00840000         0x00000400         rw !x
user_signatures  0x00850000         0x00000400         rw !x
*default*        0x00000000         0xffffffff

Linker script and memory map

LOAD c:/program files (x86)/atmel/atmel toolchain/avr8 gcc/native/3.4.1056/avr8-gnu-toolchain/bin/../lib/gcc/avr/4.8.1/../../../../avr/lib/avr5/crtm32.o
LOAD adc.o
LOAD com_prot.o
LOAD control_logic.o
LOAD led.o
LOAD math_Q.o
LOAD motor.o
LOAD robot.o
LOAD date.o
LOAD isr.o
LOAD take_over.o
LOAD task.o
LOAD timer.o
LOAD usart.o
START GROUP
LOAD c:/program files (x86)/atmel/atmel toolchain/avr8 gcc/native/3.4.1056/avr8-gnu-toolchain/bin/../lib/gcc/avr/4.8.1/../../../../avr/lib/avr5\libm.a
END GROUP
START GROUP
LOAD c:/program files (x86)/atmel/atmel toolchain/avr8 gcc/native/3.4.1056/avr8-gnu-toolchain/bin/../lib/gcc/avr/4.8.1/avr5\libgcc.a
LOAD c:/program files (x86)/atmel/atmel toolchain/avr8 gcc/native/3.4.1056/avr8-gnu-toolchain/bin/../lib/gcc/avr/4.8.1/../../../../avr/lib/avr5\libm.a
LOAD c:/program files (x86)/atmel/atmel toolchain/avr8 gcc/native/3.4.1056/avr8-gnu-toolchain/bin/../lib/gcc/avr/4.8.1/../../../../avr/lib/avr5\libc.a
END GROUP

.hash
 *(.hash)

.dynsym
 *(.dynsym)

.dynstr
 *(.dynstr)

.gnu.version
 *(.gnu.version)

.gnu.version_d
 *(.gnu.version_d)

.gnu.version_r
 *(.gnu.version_r)

.rel.init
 *(.rel.init)

.rela.init
 *(.rela.init)

.rel.text
 *(.rel.text)
 *(.rel.text.*)
 *(.rel.gnu.linkonce.t*)

.rela.text
 *(.rela.text)
 *(.rela.text.*)
 *(.rela.gnu.linkonce.t*)

.rel.fini
 *(.rel.fini)

.rela.fini
 *(.rela.fini)

.rel.rodata
 *(.rel.rodata)
 *(.rel.rodata.*)
 *(.rel.gnu.linkonce.r*)

.rela.rodata
 *(.rela.rodata)
 *(.rela.rodata.*)
 *(.rela.gnu.linkonce.r*)

.rel.data
 *(.rel.data)
 *(.rel.data.*)
 *(.rel.gnu.linkonce.d*)

.rela.data
 *(.rela.data)
 *(.rela.data.*)
 *(.rela.gnu.linkonce.d*)

.rel.ctors
 *(.rel.ctors)

.rela.ctors
 *(.rela.ctors)

.rel.dtors
 *(.rel.dtors)

.rela.dtors
 *(.rela.dtors)

.rel.got
 *(.rel.got)

.rela.got
 *(.rela.got)

.rel.bss
 *(.rel.bss)

.rela.bss
 *(.rela.bss)

.rel.plt
 *(.rel.plt)

.rela.plt
 *(.rela.plt)

.text           0x00000000     0x4954
 *(.vectors)
 .vectors       0x00000000       0x54 c:/program files (x86)/atmel/atmel toolchain/avr8 gcc/native/3.4.1056/avr8-gnu-toolchain/bin/../lib/gcc/avr/4.8.1/../../../../avr/lib/avr5/crtm32.o
                0x00000000                __vector_default
                0x00000000                __vectors
 *(.vectors)
 *(.progmem.gcc*)
 .progmem.gcc_sw_table.do_cirecle
                0x00000054       0x12 motor.o
 .progmem.gcc_sw_table.do_wall
                0x00000066       0x24 motor.o
 .progmem.gcc_sw_table.give_back_control_command
                0x0000008a       0x28 take_over.o
                0x000000b2                . = ALIGN (0x2)
                0x000000b2                __trampolines_start = .
 *(.trampolines)
 .trampolines   0x000000b2        0x0 linker stubs
 *(.trampolines*)
                0x000000b2                __trampolines_end = .
 *(.progmem*)
                0x000000b2                . = ALIGN (0x2)
 *(.jumptables)
 *(.jumptables*)
 *(.lowtext)
 *(.lowtext*)
                0x000000b2                __ctors_start = .
 *(.ctors)
                0x000000b2                __ctors_end = .
                0x000000b2                __dtors_start = .
 *(.dtors)
                0x000000b2                __dtors_end = .
 SORT(*)(.ctors)
 SORT(*)(.dtors)
 *(.init0)
 .init0         0x000000b2        0x0 c:/program files (x86)/atmel/atmel toolchain/avr8 gcc/native/3.4.1056/avr8-gnu-toolchain/bin/../lib/gcc/avr/4.8.1/../../../../avr/lib/avr5/crtm32.o
                0x000000b2                __init
 *(.init0)
 *(.init1)
 *(.init1)
 *(.init2)
 .init2         0x000000b2        0xc c:/program files (x86)/atmel/atmel toolchain/avr8 gcc/native/3.4.1056/avr8-gnu-toolchain/bin/../lib/gcc/avr/4.8.1/../../../../avr/lib/avr5/crtm32.o
 *(.init2)
 *(.init3)
 *(.init3)
 *(.init4)
 .init4         0x000000be       0x16 c:/program files (x86)/atmel/atmel toolchain/avr8 gcc/native/3.4.1056/avr8-gnu-toolchain/bin/../lib/gcc/avr/4.8.1/avr5\libgcc.a(_copy_data.o)
                0x000000be                __do_copy_data
 .init4         0x000000d4       0x10 c:/program files (x86)/atmel/atmel toolchain/avr8 gcc/native/3.4.1056/avr8-gnu-toolchain/bin/../lib/gcc/avr/4.8.1/avr5\libgcc.a(_clear_bss.o)
                0x000000d4                __do_clear_bss
 *(.init4)
 *(.init5)
 *(.init5)
 *(.init6)
 *(.init6)
 *(.init7)
 *(.init7)
 *(.init8)
 *(.init8)
 *(.init9)
 .init9         0x000000e4        0x8 c:/program files (x86)/atmel/atmel toolchain/avr8 gcc/native/3.4.1056/avr8-gnu-toolchain/bin/../lib/gcc/avr/4.8.1/../../../../avr/lib/avr5/crtm32.o
 *(.init9)
 *(.text)
 .text          0x000000ec        0x4 c:/program files (x86)/atmel/atmel toolchain/avr8 gcc/native/3.4.1056/avr8-gnu-toolchain/bin/../lib/gcc/avr/4.8.1/../../../../avr/lib/avr5/crtm32.o
                0x000000ec                __vector_12
                0x000000ec                __bad_interrupt
                0x000000ec                __vector_6
                0x000000ec                __vector_3
                0x000000ec                __vector_11
                0x000000ec                __vector_17
                0x000000ec                __vector_19
                0x000000ec                __vector_5
                0x000000ec                __vector_4
                0x000000ec                __vector_9
                0x000000ec                __vector_15
                0x000000ec                __vector_8
                0x000000ec                __vector_10
                0x000000ec                __vector_18
                0x000000ec                __vector_20
                0x000000f0                . = ALIGN (0x2)
 *(.text.*)
 .text.adc_measurement_init
                0x000000f0       0xb4 adc.o
                0x000000f0                adc_measurement_init
 .text.measure  0x000001a4       0x50 adc.o
                0x000001a4                measure
 .text.handleMeasurement
                0x000001f4       0x2a adc.o
                0x000001f4                handleMeasurement
 .text.send_adc_value_to_pc
                0x0000021e       0x76 adc.o
                0x0000021e                send_adc_value_to_pc
 .text.communication_init
                0x00000294       0x80 com_prot.o
                0x00000294                communication_init
 .text.stop     0x00000314       0x38 com_prot.o
                0x00000314                stop
 .text.ping     0x0000034c       0x7c com_prot.o
                0x0000034c                ping
 .text.com_prot_task
                0x000003c8       0xd0 com_prot.o
                0x000003c8                com_prot_task
 .text.state_idle_control_logic
                0x00000498        0xe control_logic.o
                0x00000498                state_idle_control_logic
 .text.state_find_track_control_logic
                0x000004a6      0x15e control_logic.o
                0x000004a6                state_find_track_control_logic
 .text.state_find_track_go_a_bit_more_control_logic
                0x00000604      0x102 control_logic.o
                0x00000604                state_find_track_go_a_bit_more_control_logic
 .text.state_find_track_turn_left_control_logic
                0x00000706       0xce control_logic.o
                0x00000706                state_find_track_turn_left_control_logic
 .text.state_follow_track_1_control_logic
                0x000007d4       0xb2 control_logic.o
                0x000007d4                state_follow_track_1_control_logic
 .text.state_y_intersection_control_logic
                0x00000886        0xe control_logic.o
                0x00000886                state_y_intersection_control_logic
 .text.state_follow_track_2_control_logic
                0x00000894        0xe control_logic.o
                0x00000894                state_follow_track_2_control_logic
 .text.state_wait_before_corner_logic
                0x000008a2       0xfe control_logic.o
                0x000008a2                state_wait_before_corner_logic
 .text.state_approach_corner_logic
                0x000009a0      0x192 control_logic.o
                0x000009a0                state_approach_corner_logic
 .text.state_turn_after_found_corner_logic
                0x00000b32      0x174 control_logic.o
                0x00000b32                state_turn_after_found_corner_logic
 .text.state_go_ahead_after_turn_logic
                0x00000ca6      0x180 control_logic.o
                0x00000ca6                state_go_ahead_after_turn_logic
 .text.state_go_a_bit_more_logic
                0x00000e26      0x178 control_logic.o
                0x00000e26                state_go_a_bit_more_logic
 .text.state_second_left_turn_logic
                0x00000f9e      0x174 control_logic.o
                0x00000f9e                state_second_left_turn_logic
 .text.state_second_go_ahead_logic
                0x00001112      0x178 control_logic.o
                0x00001112                state_second_go_ahead_logic
 .text.state_second_go_a_bit_more_logic
                0x0000128a      0x178 control_logic.o
                0x0000128a                state_second_go_a_bit_more_logic
 .text.state_third_left_turn_logic
                0x00001402      0x174 control_logic.o
                0x00001402                state_third_left_turn_logic
 .text.state_third_go_ahead_logic
                0x00001576      0x192 control_logic.o
                0x00001576                state_third_go_ahead_logic
 .text.state_right_turn_logic
                0x00001708      0x174 control_logic.o
                0x00001708                state_right_turn_logic
 .text.state_last_go_ahead_logic
                0x0000187c      0x192 control_logic.o
                0x0000187c                state_last_go_ahead_logic
 .text.state_finish_logic
                0x00001a0e       0xc6 control_logic.o
                0x00001a0e                state_finish_logic
 .text.state_take_over_control_logic
                0x00001ad4        0xe control_logic.o
                0x00001ad4                state_take_over_control_logic
 .text.start_line
                0x00001ae2       0xba led.o
                0x00001ae2                start_line
 .text.set_l_Kp
                0x00001b9c       0x72 led.o
                0x00001b9c                set_l_Kp
 .text.set_l_Ki
                0x00001c0e       0x72 led.o
                0x00001c0e                set_l_Ki
 .text.set_l_Kd
                0x00001c80       0x72 led.o
                0x00001c80                set_l_Kd
 .text.set_err4
                0x00001cf2       0x66 led.o
                0x00001cf2                set_err4
 .text.set_err5
                0x00001d58       0x66 led.o
                0x00001d58                set_err5
 .text.set_err6
                0x00001dbe       0x66 led.o
                0x00001dbe                set_err6
 .text.set_err_p1
                0x00001e24       0xd8 led.o
                0x00001e24                set_err_p1
 .text.set_pid  0x00001efc      0x102 led.o
                0x00001efc                set_pid
 .text.led_init
                0x00001ffe       0xa4 led.o
                0x00001ffe                led_init
 .text.int16_abs_Q
                0x000020a2       0x40 math_Q.o
                0x000020a2                int16_abs_Q
 .text.init_ext_int
                0x000020e2       0x44 motor.o
                0x000020e2                init_ext_int
 .text.init_pwm
                0x00002126       0x9e motor.o
                0x00002126                init_pwm
 .text.set_movement
                0x000021c4      0x282 motor.o
                0x000021c4                set_movement
 .text.set_movement_task
                0x00002446       0xa6 motor.o
                0x00002446                set_movement_task
 .text.set_rpm  0x000024ec      0x1ba motor.o
                0x000024ec                set_rpm
 .text.set_circle_time
                0x000026a6       0x38 motor.o
                0x000026a6                set_circle_time
 .text.set_corner_time
                0x000026de       0x40 motor.o
                0x000026de                set_corner_time
 .text.do_cirecle
                0x0000271e      0x316 motor.o
                0x0000271e                do_cirecle
 .text.do_wall  0x00002a34      0x492 motor.o
                0x00002a34                do_wall
 .text.start_circle
                0x00002ec6       0x26 motor.o
                0x00002ec6                start_circle
 .text.start_wall
                0x00002eec       0x26 motor.o
                0x00002eec                start_wall
 .text.motors_init
                0x00002f12       0xaa motor.o
                0x00002f12                motors_init
 .text.set_pid_int
                0x00002fbc       0x2a robot.o
                0x00002fbc                set_pid_int
 .text.main     0x00002fe6      0x1a4 robot.o
                0x00002fe6                main
 .text.clock_tick
                0x0000318a       0xd0 date.o
                0x0000318a                clock_tick
 .text.get_date_to_int
                0x0000325a       0xaa date.o
                0x0000325a                get_date_to_int
 .text.set_Kp   0x00003304       0x66 isr.o
                0x00003304                set_Kp
 .text.set_Kd   0x0000336a       0x66 isr.o
                0x0000336a                set_Kd
 .text.__vector_13
                0x000033d0       0x74 isr.o
                0x000033d0                __vector_13
 .text.__vector_14
                0x00003444       0xf8 isr.o
                0x00003444                __vector_14
 .text.__vector_7
                0x0000353c      0x68c isr.o
                0x0000353c                __vector_7
 .text.__vector_1
                0x00003bc8       0x62 isr.o
                0x00003bc8                __vector_1
 .text.__vector_2
                0x00003c2a       0x62 isr.o
                0x00003c2a                __vector_2
 .text.__vector_16
                0x00003c8c      0x120 isr.o
                0x00003c8c                __vector_16
 .text.take_over_command
                0x00003dac       0x8c take_over.o
                0x00003dac                take_over_command
 .text.give_back_control_command
                0x00003e38      0x1c0 take_over.o
                0x00003e38                give_back_control_command
 .text.recive_task_init
                0x00003ff8      0x116 task.o
                0x00003ff8                recive_task_init
 .text.get_task_number
                0x0000410e       0x1e task.o
                0x0000410e                get_task_number
 .text.add_task
                0x0000412c       0xda task.o
                0x0000412c                add_task
 .text.delete_task
                0x00004206       0xdc task.o
                0x00004206                delete_task
 .text.timer1_init
                0x000042e2       0x48 timer.o
                0x000042e2                timer1_init
 .text.tmr_start
                0x0000432a       0x80 timer.o
                0x0000432a                tmr_start
 .text.tmr_exp  0x000043aa      0x154 timer.o
                0x000043aa                tmr_exp
 .text.USART_init
                0x000044fe       0x6a usart.o
                0x000044fe                USART_init
 .text.USART_transmit_command
                0x00004568       0xb6 usart.o
                0x00004568                USART_transmit_command
 .text.USART_transmit_string
                0x0000461e       0xa4 usart.o
                0x0000461e                USART_transmit_string
 .text.libgcc   0x000046c2        0xc c:/program files (x86)/atmel/atmel toolchain/avr8 gcc/native/3.4.1056/avr8-gnu-toolchain/bin/../lib/gcc/avr/4.8.1/avr5\libgcc.a(_tablejump.o)
                0x000046c2                __tablejump2__
                0x000046c6                __tablejump__
 .text.libgcc.mul
                0x000046ce       0x1e c:/program files (x86)/atmel/atmel toolchain/avr8 gcc/native/3.4.1056/avr8-gnu-toolchain/bin/../lib/gcc/avr/4.8.1/avr5\libgcc.a(_umulhisi3.o)
                0x000046ce                __umulhisi3
 .text.libgcc.mul
                0x000046ec       0x16 c:/program files (x86)/atmel/atmel toolchain/avr8 gcc/native/3.4.1056/avr8-gnu-toolchain/bin/../lib/gcc/avr/4.8.1/avr5\libgcc.a(_muluhisi3.o)
                0x000046ec                __muluhisi3
 .text.avr-libc
                0x00004702      0x24e c:/program files (x86)/atmel/atmel toolchain/avr8 gcc/native/3.4.1056/avr8-gnu-toolchain/bin/../lib/gcc/avr/4.8.1/../../../../avr/lib/avr5\libc.a(malloc.o)
                0x00004702                malloc
                0x00004832                free
                0x00004950                . = ALIGN (0x2)
 *(.fini9)
 .fini9         0x00004950        0x0 c:/program files (x86)/atmel/atmel toolchain/avr8 gcc/native/3.4.1056/avr8-gnu-toolchain/bin/../lib/gcc/avr/4.8.1/avr5\libgcc.a(_exit.o)
                0x00004950                _exit
                0x00004950                exit
 *(.fini9)
 *(.fini8)
 *(.fini8)
 *(.fini7)
 *(.fini7)
 *(.fini6)
 *(.fini6)
 *(.fini5)
 *(.fini5)
 *(.fini4)
 *(.fini4)
 *(.fini3)
 *(.fini3)
 *(.fini2)
 *(.fini2)
 *(.fini1)
 *(.fini1)
 *(.fini0)
 .fini0         0x00004950        0x4 c:/program files (x86)/atmel/atmel toolchain/avr8 gcc/native/3.4.1056/avr8-gnu-toolchain/bin/../lib/gcc/avr/4.8.1/avr5\libgcc.a(_exit.o)
 *(.fini0)
                0x00004954                _etext = .

.data           0x00800060       0xa6 load address 0x00004954
                0x00800060                PROVIDE (__data_start, .)
 *(.data)
 .data          0x00800060        0x0 c:/program files (x86)/atmel/atmel toolchain/avr8 gcc/native/3.4.1056/avr8-gnu-toolchain/bin/../lib/gcc/avr/4.8.1/../../../../avr/lib/avr5/crtm32.o
 .data          0x00800060        0x0 adc.o
 .data          0x00800060        0x0 com_prot.o
 .data          0x00800060        0x0 control_logic.o
 .data          0x00800060        0x0 led.o
 .data          0x00800060        0x0 math_Q.o
 .data          0x00800060        0x0 motor.o
 .data          0x00800060        0x0 robot.o
 .data          0x00800060        0x0 date.o
 .data          0x00800060        0x0 isr.o
 .data          0x00800060        0x0 take_over.o
 .data          0x00800060        0x0 task.o
 .data          0x00800060        0x0 timer.o
 .data          0x00800060        0x0 usart.o
 .data          0x00800060        0x0 c:/program files (x86)/atmel/atmel toolchain/avr8 gcc/native/3.4.1056/avr8-gnu-toolchain/bin/../lib/gcc/avr/4.8.1/avr5\libgcc.a(_exit.o)
 .data          0x00800060        0x0 c:/program files (x86)/atmel/atmel toolchain/avr8 gcc/native/3.4.1056/avr8-gnu-toolchain/bin/../lib/gcc/avr/4.8.1/avr5\libgcc.a(_tablejump.o)
 .data          0x00800060        0x0 c:/program files (x86)/atmel/atmel toolchain/avr8 gcc/native/3.4.1056/avr8-gnu-toolchain/bin/../lib/gcc/avr/4.8.1/avr5\libgcc.a(_copy_data.o)
 .data          0x00800060        0x0 c:/program files (x86)/atmel/atmel toolchain/avr8 gcc/native/3.4.1056/avr8-gnu-toolchain/bin/../lib/gcc/avr/4.8.1/avr5\libgcc.a(_clear_bss.o)
 .data          0x00800060        0x0 c:/program files (x86)/atmel/atmel toolchain/avr8 gcc/native/3.4.1056/avr8-gnu-toolchain/bin/../lib/gcc/avr/4.8.1/avr5\libgcc.a(_umulhisi3.o)
 .data          0x00800060        0x0 c:/program files (x86)/atmel/atmel toolchain/avr8 gcc/native/3.4.1056/avr8-gnu-toolchain/bin/../lib/gcc/avr/4.8.1/avr5\libgcc.a(_muluhisi3.o)
 .data          0x00800060        0x6 c:/program files (x86)/atmel/atmel toolchain/avr8 gcc/native/3.4.1056/avr8-gnu-toolchain/bin/../lib/gcc/avr/4.8.1/../../../../avr/lib/avr5\libc.a(malloc.o)
                0x00800060                __malloc_heap_end
                0x00800062                __malloc_heap_start
                0x00800064                __malloc_margin
 *(.data*)
 .data.Kp       0x00800066        0x2 led.o
 .data.err4     0x00800068        0x1 led.o
 .data.err5     0x00800069        0x1 led.o
 .data.err6     0x0080006a        0x1 led.o
 .data.circle_time
                0x0080006b        0x2 motor.o
                0x0080006b                circle_time
 .data.L        0x0080006d        0x2 motor.o
 .data.R        0x0080006f        0x2 motor.o
 .data.do_once.1925
                0x00800071        0x1 motor.o
 .data.do_once.1942
                0x00800072        0x1 motor.o
 .data.led_int  0x00800073        0x1 robot.o
                0x00800073                led_int
 .data.Kp       0x00800074        0x1 isr.o
                0x00800074                Kp
 .data.Kd       0x00800075        0x1 isr.o
                0x00800075                Kd
 *(.rodata)
 .rodata        0x00800076       0x87 control_logic.o
 .rodata        0x008000fd        0x9 take_over.o
 *(.rodata*)
 *(.gnu.linkonce.d*)
                0x00800106                . = ALIGN (0x2)
                0x00800106                _edata = .
                0x00800106                PROVIDE (__data_end, .)

.bss            0x00800106      0x2da
                0x00800106                PROVIDE (__bss_start, .)
 *(.bss)
 *(.bss*)
 .bss.ping_tmr.1907
                0x00800106        0x9 com_prot.o
 .bss.tx_task.1906
                0x0080010f        0x2 com_prot.o
 .bss.state_changed
                0x00800111        0x1 control_logic.o
                0x00800111                state_changed
 .bss.Ki        0x00800112        0x2 led.o
 .bss.Kd        0x00800114        0x2 led.o
 .bss.temp_corner.1892
                0x00800116        0x2 motor.o
 .bss.c_state.1924
                0x00800118        0x1 motor.o
 .bss.delay.1926
                0x00800119        0x9 motor.o
 .bss.c_state.1941
                0x00800122        0x1 motor.o
 .bss.delay.1943
                0x00800123        0x9 motor.o
 .bss.adc_value
                0x0080012c        0x2 isr.o
 .bss.rx_index.1867
                0x0080012e        0x1 isr.o
 .bss.tx_index.1873
                0x0080012f        0x1 isr.o
 .bss.string.1874
                0x00800130        0x2 isr.o
 .bss.pulse_timer.1880
                0x00800132        0x1 isr.o
 .bss.l_error.1884
                0x00800133        0x2 isr.o
 .bss.l_m.1882  0x00800135        0x2 isr.o
 .bss.r_error.1885
                0x00800137        0x2 isr.o
 .bss.r_m.1883  0x00800139        0x2 isr.o
 .bss.sys_timer.1881
                0x0080013b        0x1 isr.o
 .bss.task_count
                0x0080013c        0x1 task.o
 .bss.temp_task.1925
                0x0080013d        0x9 task.o
 *(COMMON)
 COMMON         0x00800146       0x16 adc.o
                0x00800146                enabled
                0x00800147                enable_features
                0x0080014b                conversionIsInProgress
                0x0080014c                new_data_available
                0x0080014d                first_channel
                0x0080014e                result1
                0x00800150                result0
                0x00800152                test_task
                0x0080015b                new_data_available_to_transmit
 COMMON         0x0080015c       0x2b control_logic.o
                0x0080015c                state_turn_after_found_corner_data
                0x0080015e                control
                0x00800160                state_third_left_turn_data
                0x00800162                state_go_ahead_after_turn_data
                0x00800164                state_last_go_ahead_data
                0x00800166                state_third_go_ahead_data
                0x00800168                state_second_go_a_bit_more_data
                0x0080016a                state_timer
                0x00800173                state_wait_before_corner_data
                0x00800175                state_finish_data
                0x00800177                state_right_turn_data
                0x00800179                state_approach_corner_data
                0x0080017b                state_second_go_ahead_data
                0x0080017d                state_second_left_turn_data
                0x0080017f                state_go_a_bit_more_data
                0x00800181                state_find_track_data
                0x00800183                state_find_track_turn_left_control_data
                0x00800185                state_find_track_go_a_bit_more_control_data
 COMMON         0x00800187        0x1 led.o
                0x00800187                led
 COMMON         0x00800188       0x22 motor.o
                0x00800188                l_motor
                0x00800199                r_motor
 COMMON         0x008001aa        0xc date.o
                0x008001aa                date
 COMMON         0x008001b6        0xc isr.o
                0x008001b6                p_l
                0x008001b8                p_r
                0x008001ba                system_tic
                0x008001be                status
 COMMON         0x008001c2      0x204 task.o
                0x008001c2                do_task
                0x008003c0                temp_head
                0x008003c2                tail
                0x008003c4                head
 COMMON         0x008003c6        0x4 timer.o
                0x008003c6                milliseconds
 COMMON         0x008003ca       0x12 usart.o
                0x008003ca                usart_rx_task
                0x008003d3                usart_tx_task
 COMMON         0x008003dc        0x4 c:/program files (x86)/atmel/atmel toolchain/avr8 gcc/native/3.4.1056/avr8-gnu-toolchain/bin/../lib/gcc/avr/4.8.1/../../../../avr/lib/avr5\libc.a(malloc.o)
                0x008003dc                __brkval
                0x008003de                __flp
                0x008003e0                PROVIDE (__bss_end, .)
                0x00004954                __data_load_start = LOADADDR (.data)
                0x000049fa                __data_load_end = (__data_load_start + SIZEOF (.data))

.noinit         0x008003e0        0x0
                0x008003e0                PROVIDE (__noinit_start, .)
 *(.noinit*)
                0x008003e0                PROVIDE (__noinit_end, .)
                0x008003e0                _end = .
                0x008003e0                PROVIDE (__heap_start, .)

.eeprom         0x00810000        0x0
 *(.eeprom*)
                0x00810000                __eeprom_end = .

.fuse
 *(.fuse)
 *(.lfuse)
 *(.hfuse)
 *(.efuse)

.lock
 *(.lock*)

.signature
 *(.signature*)

.user_signatures
 *(.user_signatures*)

.stab
 *(.stab)

.stabstr
 *(.stabstr)

.stab.excl
 *(.stab.excl)

.stab.exclstr
 *(.stab.exclstr)

.stab.index
 *(.stab.index)

.stab.indexstr
 *(.stab.indexstr)

.comment        0x00000000       0x30
 *(.comment)
 .comment       0x00000000       0x30 adc.o
                                 0x31 (size before relaxing)
 .comment       0x00000000       0x31 com_prot.o
 .comment       0x00000000       0x31 control_logic.o
 .comment       0x00000000       0x31 led.o
 .comment       0x00000000       0x31 math_Q.o
 .comment       0x00000000       0x31 motor.o
 .comment       0x00000000       0x31 robot.o
 .comment       0x00000000       0x31 date.o
 .comment       0x00000000       0x31 isr.o
 .comment       0x00000000       0x31 take_over.o
 .comment       0x00000000       0x31 task.o
 .comment       0x00000000       0x31 timer.o
 .comment       0x00000000       0x31 usart.o
 .comment       0x00000000       0x31 c:/program files (x86)/atmel/atmel toolchain/avr8 gcc/native/3.4.1056/avr8-gnu-toolchain/bin/../lib/gcc/avr/4.8.1/../../../../avr/lib/avr5\libc.a(malloc.o)

.note.gnu.build-id
 *(.note.gnu.build-id)

.debug
 *(.debug)

.line
 *(.line)

.debug_srcinfo
 *(.debug_srcinfo)

.debug_sfnames
 *(.debug_sfnames)

.debug_aranges  0x00000000      0x3d0
 *(.debug_aranges)
 .debug_aranges
                0x00000000       0x38 adc.o
 .debug_aranges
                0x00000038       0x38 com_prot.o
 .debug_aranges
                0x00000070       0xc0 control_logic.o
 .debug_aranges
                0x00000130       0x78 led.o
 .debug_aranges
                0x000001a8       0x28 math_Q.o
 .debug_aranges
                0x000001d0       0x88 motor.o
 .debug_aranges
                0x00000258       0x28 robot.o
 .debug_aranges
                0x00000280       0x30 date.o
 .debug_aranges
                0x000002b0       0x58 isr.o
 .debug_aranges
                0x00000308       0x28 take_over.o
 .debug_aranges
                0x00000330       0x40 task.o
 .debug_aranges
                0x00000370       0x30 timer.o
 .debug_aranges
                0x000003a0       0x30 usart.o

.debug_pubnames
 *(.debug_pubnames)

.debug_info     0x00000000     0x4f84
 *(.debug_info .gnu.linkonce.wi.*)
 .debug_info    0x00000000      0x3bd adc.o
 .debug_info    0x000003bd      0x5ae com_prot.o
 .debug_info    0x0000096b      0xc51 control_logic.o
 .debug_info    0x000015bc      0x9a3 led.o
 .debug_info    0x00001f5f      0x33d math_Q.o
 .debug_info    0x0000229c      0x9b8 motor.o
 .debug_info    0x00002c54      0x534 robot.o
 .debug_info    0x00003188      0x37a date.o
 .debug_info    0x00003502      0x7fe isr.o
 .debug_info    0x00003d00      0x688 take_over.o
 .debug_info    0x00004388      0x421 task.o
 .debug_info    0x000047a9      0x3b5 timer.o
 .debug_info    0x00004b5e      0x426 usart.o

.debug_abbrev   0x00000000     0x1399
 *(.debug_abbrev)
 .debug_abbrev  0x00000000      0x142 adc.o
 .debug_abbrev  0x00000142      0x19d com_prot.o
 .debug_abbrev  0x000002df      0x1cc control_logic.o
 .debug_abbrev  0x000004ab      0x1f7 led.o
 .debug_abbrev  0x000006a2      0x120 math_Q.o
 .debug_abbrev  0x000007c2      0x1e6 motor.o
 .debug_abbrev  0x000009a8      0x16c robot.o
 .debug_abbrev  0x00000b14      0x152 date.o
 .debug_abbrev  0x00000c66      0x1a5 isr.o
 .debug_abbrev  0x00000e0b      0x155 take_over.o
 .debug_abbrev  0x00000f60      0x18b task.o
 .debug_abbrev  0x000010eb      0x152 timer.o
 .debug_abbrev  0x0000123d      0x15c usart.o

.debug_line     0x00000000     0x16c2
 *(.debug_line .debug_line.* .debug_line_end)
 .debug_line    0x00000000      0x10c adc.o
 .debug_line    0x0000010c      0x137 com_prot.o
 .debug_line    0x00000243      0x3ab control_logic.o
 .debug_line    0x000005ee      0x208 led.o
 .debug_line    0x000007f6       0xd6 math_Q.o
 .debug_line    0x000008cc      0x4db motor.o
 .debug_line    0x00000da7      0x14b robot.o
 .debug_line    0x00000ef2      0x106 date.o
 .debug_line    0x00000ff8      0x22f isr.o
 .debug_line    0x00001227      0x13c take_over.o
 .debug_line    0x00001363      0x155 task.o
 .debug_line    0x000014b8      0x113 timer.o
 .debug_line    0x000015cb       0xf7 usart.o

.debug_frame    0x00000000      0xc88
 *(.debug_frame)
 .debug_frame   0x00000000       0x94 adc.o
 .debug_frame   0x00000094       0x94 com_prot.o
 .debug_frame   0x00000128      0x2b4 control_logic.o
 .debug_frame   0x000003dc      0x194 led.o
 .debug_frame   0x00000570       0x54 math_Q.o
 .debug_frame   0x000005c4      0x1d4 motor.o
 .debug_frame   0x00000798       0x54 robot.o
 .debug_frame   0x000007ec       0x74 date.o
 .debug_frame   0x00000860      0x238 isr.o
 .debug_frame   0x00000a98       0x54 take_over.o
 .debug_frame   0x00000aec       0xb4 task.o
 .debug_frame   0x00000ba0       0x74 timer.o
 .debug_frame   0x00000c14       0x74 usart.o

.debug_str      0x00000000     0x130c
 *(.debug_str)
 .debug_str     0x00000000      0x40e adc.o
                                0x47d (size before relaxing)
 .debug_str     0x0000040e      0x115 com_prot.o
                                0x4d5 (size before relaxing)
 .debug_str     0x00000523      0x74c control_logic.o
                                0xc0a (size before relaxing)
 .debug_str     0x00000c6f       0xc1 led.o
                                0x627 (size before relaxing)
 .debug_str     0x00000d30       0x25 math_Q.o
                                0x3db (size before relaxing)
 .debug_str     0x00000d55      0x230 motor.o
                                0x7d8 (size before relaxing)
 .debug_str     0x00000f85       0xf7 robot.o
                                0x541 (size before relaxing)
 .debug_str     0x0000107c       0x6a date.o
                                0x411 (size before relaxing)
 .debug_str     0x000010e6       0xc3 isr.o
                                0x696 (size before relaxing)
 .debug_str     0x000011a9       0x54 take_over.o
                                0x8e4 (size before relaxing)
 .debug_str     0x000011fd       0x87 task.o
                                0x457 (size before relaxing)
 .debug_str     0x00001284       0x37 timer.o
                                0x424 (size before relaxing)
 .debug_str     0x000012bb       0x51 usart.o
                                0x48c (size before relaxing)

.debug_loc      0x00000000     0x18c6
 *(.debug_loc)
 .debug_loc     0x00000000       0xf8 adc.o
 .debug_loc     0x000000f8      0x111 com_prot.o
 .debug_loc     0x00000209      0x5a3 control_logic.o
 .debug_loc     0x000007ac      0x349 led.o
 .debug_loc     0x00000af5       0x90 math_Q.o
 .debug_loc     0x00000b85      0x3a1 motor.o
 .debug_loc     0x00000f26       0x8f robot.o
 .debug_loc     0x00000fb5       0xcb date.o
 .debug_loc     0x00001080      0x4ef isr.o
 .debug_loc     0x0000156f       0x8f take_over.o
 .debug_loc     0x000015fe      0x134 task.o
 .debug_loc     0x00001732       0xca timer.o
 .debug_loc     0x000017fc       0xca usart.o

.debug_macinfo
 *(.debug_macinfo)

.debug_weaknames
 *(.debug_weaknames)

.debug_funcnames
 *(.debug_funcnames)

.debug_typenames
 *(.debug_typenames)

.debug_varnames
 *(.debug_varnames)

.debug_pubtypes
 *(.debug_pubtypes)

.debug_ranges   0x00000000      0x300
 *(.debug_ranges)
 .debug_ranges  0x00000000       0x28 adc.o
 .debug_ranges  0x00000028       0x28 com_prot.o
 .debug_ranges  0x00000050       0xb0 control_logic.o
 .debug_ranges  0x00000100       0x68 led.o
 .debug_ranges  0x00000168       0x18 math_Q.o
 .debug_ranges  0x00000180       0x78 motor.o
 .debug_ranges  0x000001f8       0x18 robot.o
 .debug_ranges  0x00000210       0x20 date.o
 .debug_ranges  0x00000230       0x48 isr.o
 .debug_ranges  0x00000278       0x18 take_over.o
 .debug_ranges  0x00000290       0x30 task.o
 .debug_ranges  0x000002c0       0x20 timer.o
 .debug_ranges  0x000002e0       0x20 usart.o

.debug_macro
 *(.debug_macro)
OUTPUT(robot.elf elf32-avr)
LOAD linker stubs
